Finding reference-rate instruments held since 2026-05-01 ...
  324 not-ZARONIA-referenced instruments found

Checking each for holdings history before 2026-05-01 ...
  301 have pre-cutoff history -> legacy paper, expected
  23 have NO pre-cutoff history -> review these

=== Likely new non-ZARONIA issuance (no holdings before the cutoff) ===
reference_rate instrument_code                                                   instrument_name currency maturity_date first_held_since_cutoff  last_held                                                                                                                                                                                                 funds
         JIBAR    NEDSUN041126          Nedbank Semi-annual Step-Up FRN 041126 JB3+90 (20290511)      ZAR    2026-11-04              2026-05-04 2026-08-21                                                                                                                                                                                         OMLMMF,SASRMM
         JIBAR    NEDSUN121126          Nedbank Semi-annual Step-Up FRN JB3+90 121126 (20291105)      ZAR    2026-11-12              2026-05-12 2026-08-21                                                                                                                                                                                                SASRMM
         JIBAR    NEDSUN161126         Nedbank Semi-annual Step-Up FRN JB3+105 161126 (20290514)      ZAR    2026-11-16              2026-05-14 2026-08-21                                                                                                                                                 ADVMM,PCMMF,PMMF,PRLMMF,SABCCSHF,SISMMF,SYMMMF,UOZMMF
         JIBAR    NEDSUN201126       Nedbank Semi-annual Step-Up FRN 201126 JB3+87.50 (20291120)      ZAR    2026-11-20              2026-05-20 2026-08-21                                                                                                                                                                                         OMLMMF,SASRMM
         JIBAR    NEDSUN251126        Nedbank Semi-annual Step-Up FRN JB3+57.5 251126 (20281127)      ZAR    2026-11-25              2026-05-25 2026-08-21                                                                                                                                                                     PCMMF,PMMF,PRLMMF,SABCCSHF,UOZMMF
         JIBAR    NEDSUN301126          Nedbank Semi-annual Step-Up FRN JB3+85 301126 (20291128)      ZAR    2026-11-30              2026-05-28 2026-08-21                                                                                                                                                                                                SASRMM
         JIBAR    NEDSUN071226         Nedbank Semi-annual Step-Up FRN JB3+115 071226 (20280606)      ZAR    2026-12-07              2026-06-08 2026-08-21                                                                                                                                   ADVMM,HOLMMF,OMLMMF,PCMMF,PMMF,PRLMMF,SABCCSHF,SISMMF,SYMMMF,UOZMMF
         JIBAR    NEDSUN211226 Nedbank Step-Up Note Semi- Annual FRN JB3+107.5 211226 (20290620)      ZAR    2026-12-21              2026-06-22 2026-08-21                                                                                                                                             CMPFCASH,IJGMMF,OMLMMF,PMMF,SABCCSHF,SASRMM,SYMMMF,UOZMMF
         JIBAR   NEDSUN211226A  Nedbank Semi-Annual Step-Up Note FRN JB3+117.5 211226 (20281221)      ZAR    2026-12-21              2026-06-22 2026-08-21                                                                                                                                                        ADVMM,HOLMMF,OMLMMF,PCMMF,PRLMMF,SISMMF,UOZMMF
         JIBAR    NEDSUN281226 Nedbank Step-Up Note Semi- Annual FRN JB3+117.5 281226 (20281227)      ZAR    2026-12-28              2026-06-29 2026-08-21                                                                                                                                                                HOLMMF,PCSHQ,PMMF,PRLMMF,SISMMF,UOZMMF
         JIBAR          H143T3               HARCOURT STREET 1 (RF) LIMITED H143T3 JB3+45 300926      ZAR    2026-09-30              2026-06-30 2026-08-21                                                                                                                                           ADVMM,HOLMMF,OMLMMF,PMMF,PRLMMF,SASRMM,SISMMF,SYMMMF,UOZMMF
         JIBAR          H45T2U               HARCOURT STREET 1 (RF) LIMITED SBFZ03 JB3+50 300926      ZAR    2026-09-30              2026-06-30 2026-08-21                                                                                                                                                  ADVMM,HOLMMF,OMLMMF,PMMF,PRLMMF,SASRMM,SISMMF,SYMMMF
         JIBAR          DVF35B                                    DBSA FRN DVF35B JB3+195 171035      ZAR    2035-10-17              2026-07-01 2026-08-21                                                                                                                                                                                                 PIPFP
         JIBAR          DVF35C                                    DBSA FRN DVF35C JB3+192 201135      ZAR    2035-11-20              2026-07-01 2026-08-21                                                                                                                                                                                                 PIPFP
         JIBAR           IPF34                   Investec Property Fund FRN IPF31 260324 JB3+175      ZAR    2026-12-15              2026-07-02 2026-08-21                                                                                                                          ADVMM,HOLMMF,MASAMMF,MASASI,OMLMMF,PMMF,PRLMMF,SABCCSHF,SISMMF,SYMMMF,UOZMMF
         JIBAR    NEDSUN110127 Nedbank Step-Up Note Semi- Annual FRN JB3+107.5 110127 (20290709)      ZAR    2027-01-11              2026-07-09 2026-08-21                                                                                                                                                         ADVMM,HOLMMF,PMMF,PRLMMF,SASRMM,SYMMMF,UOZMMF
         JIBAR   NEDSUN110127A     Nedbank Semi-annual Step-Up FRN JB3+137.5 20270111 (20270712)      ZAR    2027-01-11              2026-07-13 2026-08-21                                                                                                                                   ADVMM,HOLMMF,MASASI,OMLMMF,PCMMF,PMMF,SABCCSHF,SISMMF,SYMMMF,UOZMMF
         JIBAR    NEDSUN210127      Nedbank Semi-annual Step-Up FRN JB3+47.5 20270121 (20290122)      ZAR    2027-01-21              2026-07-21 2026-08-21                                                                                                                                                                              HOLMMF,PCMMF,PMMF,UOZMMF
         JIBAR          AH6A11                Amber House Fund FRN AH6A11 JB3+102 210829(210863)      ZAR    2029-08-21              2026-08-11 2026-08-21                                                                                                                                                                             AFLMMF,CCTCSH,HOLYPF,PIPF
         JIBAR          AMF6B1                Amber House Fund FRN AMF6B1 JB3+129 210831(210863)      ZAR    2031-08-21              2026-08-11 2026-08-21 3BBCIINC,AMMARF,ASHFLX,BCIFIF,CMPFINC,ENGENIP,GRFINV,HOLDINC,IPIPF,MASAINC,MEDINC,MOMBBF,MYQIP,NGKINC,OMMAIF,PIPF,PORFIP,PPSFLEX,PSIF,PSTIF,PTIF,PWMIPF_P,SAAMINC,SDINCPM,SILAIF,STBFIP,UCTINC,USAIPF
         JIBAR          AMF6C1                Amber House Fund FRN AMF6C1 JB3+158 210831(210863)      ZAR    2031-08-21              2026-08-11 2026-08-21 3BBCIINC,AMMARF,ASHFLX,BCIFIF,CMPFINC,ENGENIP,GRFINV,HOLDINC,IPIPF,MASAINC,MEDINC,MOMBBF,MYQIP,NGKINC,OMMAIF,PIPF,PORFIP,PPSFLEX,PSIF,PSTIF,PTIF,PWMIPF_P,SAAMINC,SDINCPM,SILAIF,STBFIP,UCTINC,USAIPF
         JIBAR          AMF6D1                Amber House Fund FRN AMF6D1 JB3+245 210831(210863)      ZAR    2031-08-21              2026-08-11 2026-08-21                                                                                                                                                                                                 PIPFP
         JIBAR          DTP08U        Daimler Truck Southern Africa Limited DTP08U JB3+90 081126      ZAR    2026-11-08              2026-08-14 2026-08-21                                                                                                                                                         ADVMM,HOLMMF,OMLMMF,PMMF,SISMMF,SYMMMF,UOZMMF

Saved to likely_new_non_zaronia_issuance_since_1May2026.csv
Legacy (pre-existing) list saved to legacy_non_zaronia_held_since_1May2026.csv
